--------------------------------------------------------------------------------------
Timing Analyzer Summary
--------------------------------------------------------------------------------------

Type           : Worst-case tsu
Slack          : N/A
Required Time  : None
Actual Time    : 6.452 ns
From           : db[0]
To             : serializer:inst|ft_byte[0]
From Clock     : --
To Clock       : clk
Failed Paths   : 0

Type           : Worst-case tco
Slack          : N/A
Required Time  : None
Actual Time    : 14.614 ns
From           : serializer:inst|db[3]~reg0
To             : db[3]
From Clock     : clk
To Clock       : --
Failed Paths   : 0

Type           : Worst-case th
Slack          : N/A
Required Time  : None
Actual Time    : 1.297 ns
From           : tdo
To             : serializer:inst|tdo_in[7]
From Clock     : --
To Clock       : clk
Failed Paths   : 0

Type           : Clock Setup: 'clk'
Slack          : 3.866 ns
Required Time  : 48.00 MHz ( period = 20.833 ns )
Actual Time    : 58.94 MHz ( period = 16.967 ns )
From           : serializer:inst|tap_state[1]
To             : serializer:inst|tap_state[1]
From Clock     : clk
To Clock       : clk
Failed Paths   : 0

Type           : Clock Hold: 'clk'
Slack          : 1.659 ns
Required Time  : 48.00 MHz ( period = 20.833 ns )
Actual Time    : N/A
From           : serializer:inst|trst
To             : serializer:inst|trst
From Clock     : clk
To Clock       : clk
Failed Paths   : 0

Type           : Total number of failed paths
Slack          : 
Required Time  : 
Actual Time    : 
From           : 
To             : 
From Clock     : 
To Clock       : 
Failed Paths   : 0

--------------------------------------------------------------------------------------

